// Jest Snapshot v1, https://goo.gl/fbAQLP

exports[`Login should match the snapshot 1`] = `"<div class=\\"box\\"><form class=\\"mx-auto form-container\\"><h2 class=\\"form-title\\">Login</h2><div class=\\"mb-3\\"><label class=\\"form-label col-form-label col-form-label-lg col\\">Email address</label><input placeholder=\\"Enter email address\\" type=\\"email\\" class=\\"form-control form-control-lg\\" value=\\"\\"></div><div class=\\"mb-3\\"><label class=\\"form-label col-form-label col-form-label-lg col\\">Password</label><input autocomplete=\\"true\\" placeholder=\\"Password\\" type=\\"password\\" class=\\"form-control form-control-lg\\" value=\\"\\"></div><button type=\\"submit\\" class=\\"btn btn-primary\\">Login</button></form></div>"`;
