// Jest Snapshot v1, https://goo.gl/fbAQLP

exports[`Register should match the snapshot 1`] = `"<div><div class=\\"box\\"><form class=\\"m-auto form-container\\"><h2 class=\\"form-title\\">Register</h2><div class=\\"mb-3\\"><label class=\\"form-label col-form-label col-form-label-lg col\\">Username</label><input placeholder=\\"Enter username\\" type=\\"text\\" class=\\"form-control form-control-lg\\" value=\\"\\"></div><div class=\\"mb-3\\"><label class=\\"form-label col-form-label col-form-label-lg col\\">Email address</label><input placeholder=\\"Enter email address\\" type=\\"email\\" class=\\"form-control form-control-lg\\" value=\\"\\"></div><div class=\\"mb-3\\"><label class=\\"form-label col-form-label col-form-label-lg col\\">Password</label><input placeholder=\\"Password\\" autocomplete=\\"true\\" type=\\"password\\" class=\\"form-control form-control-lg\\" value=\\"\\"></div><button type=\\"submit\\" class=\\"btn btn-primary btn-lg\\">Register</button></form></div></div>"`;
